[maosunidas.online/uba/index.html]
[backblue.gif]
[fade.gif]
[index.html]
[maosunidas.online/35072d26-6cd7-4e71-8e4f-5a625bc48a3a/players/68c038d92a168e19b54e92e7/v4/player.js]
[maosunidas.online/lib/js/smartplayer-wc/v4/smartplayer.js]
[maosunidas.online/uba/css/style.css]
[connect.facebook.net/en_US/fbevents.js]
[cdn.utmify.com.br/scripts/pixel/pixel.js]
[maosunidas.online/uba/images/logo.svg]
[maosunidas.online/uba/images/banner_690bfb5b324f8.png]
[maosunidas.online/uba/images/perfil.png]
[maosunidas.online/uba/images/onu.jpg]
[maosunidas.online/uba/js/utm-handler.js]
[maosunidas.online/uba/js/main.js]
[maosunidas.online/uba/js/confetti.browser.min.js]
[maosunidas.online/uba/window.location.href]
[maosunidas.online/uba/targetUrl]
[maosunidas.online/uba/destino, window.location.origin]
[maosunidas.online/uba/index.html]
[maosunidas.online/35072d26-6cd7-4e71-8e4f-5a625bc48a3a/players/68c038d92a168e19b54e92e7/v4/player.html]
[maosunidas.online/lib/js/smartplayer-wc/v4/smartplayer.html]
[maosunidas.online/uba/css/style.css]
[maosunidas.online/uba/t]
[maosunidas.online/uba/signals/config/index.html]
[maosunidas.online/uba/e.10.delayed]
[maosunidas.online/uba/t.resolvedLink]
[maosunidas.online/uba/signals/plugins/index.html]
[maosunidas.online/uba/o]
[maosunidas.online/signals/iwl.js]
[maosunidas.online/signals/iwl0fc5.js]
[maosunidas.online/uba/schema.org/index.html]
[maosunidas.online/uba/n.dl]
[maosunidas.online/uba/n.rl]
[connect.facebook.net/en_US/fbevents.js]
[maosunidas.online/uba/images/logo.svg]
[maosunidas.online/uba/js/utm-handler.html]
[maosunidas.online/uba/js/main.js]
[maosunidas.online/uba/js/confetti.browser.min.js]
[maosunidas.online/uba/window.location.html]
[maosunidas.online/uba/targetUrl.html]
[maosunidas.online/uba/destino, window.location.html]
[maosunidas.online/uba/signals/config/index.html]
[maosunidas.online/uba/t.html]
[maosunidas.online/uba/e.html]
[maosunidas.online/uba/signals/plugins/index.html]
[maosunidas.online/uba/schema.org/index.html]
[maosunidas.online/uba/t-2.html]
[maosunidas.online/uba/o.html]
[maosunidas.online/signals/iwl.html]
[maosunidas.online/signals/iwl0fc5.html]
[maosunidas.online/uba/n.html]
[maosunidas.online/uba/n-2.html]
